src/app/lib/db.ts(1,21): error TS2307: Cannot find module 'sqlite3' or its corresponding type declarations.
src/app/lib/db.ts(33,11): error TS7006: Parameter 'err' implicitly has an 'any' type.
src/app/lib/db.ts(47,11): error TS7006: Parameter 'err' implicitly has an 'any' type.
